// Jest Snapshot v1, https://goo.gl/fbAQLP

exports[`renders correctly 1`] = `
<img
  alt="Brivity Marketer Logo"
  className="ui small image"
  src={
    Object {
      "ReactComponent": Object {
        "$$typeof": Symbol(react.forward_ref),
        "render": [Function],
      },
      "__esModule": true,
      "default": "logo_bm.svg",
    }
  }
/>
`;
