// Jest Snapshot v1, https://goo.gl/fbAQLP

exports[`renders correctly 1`] = `
<div
  className="ui segment "
  style={
    Object {
      "border": "none",
      "borderRadius": "4px",
      "boxShadow": "rgba(34, 36, 38, 0) 0px 2px 0px 0px, rgba(34, 36, 38, 0.1) 0px 2px 5px 0px",
      "padding": "0.5rem 1rem",
    }
  }
/>
`;
